version https://git-lfs.github.com/spec/v1
oid sha256:959aefd8c570ad8f4765f25b1adb65aa42ed6031bd7fac4bbae478bf999ae4a3
size 6711
