version https://git-lfs.github.com/spec/v1
oid sha256:e47186da15fcd070dce6643bbc09445ea816b56bedc38b08c48555a18ce1019c
size 299
