version https://git-lfs.github.com/spec/v1
oid sha256:bfdbdb87684736649656f477f2d1fe64b3ffd233d56a8f9feab8251af538aadb
size 186
