version https://git-lfs.github.com/spec/v1
oid sha256:ae27717f8f6d149f2546e4cdcaf85cc82a41ee5b6c68e7bdd68130f0b934223b
size 297
