version https://git-lfs.github.com/spec/v1
oid sha256:e7695618710bcfcaf48c73f35d59e6537ac1c1d9fca48d49d7515d57a668ee04
size 6808
