version https://git-lfs.github.com/spec/v1
oid sha256:bd9bedf3b0a03c76f8617c32d00ccc81d4e95d7099ec7652554cf5f22b6b6be7
size 241
