version https://git-lfs.github.com/spec/v1
oid sha256:07d0ad7f3d08582130fca022096d6a9b57b10b0149ef42ddee26aa9caa43c2c8
size 2162
