version https://git-lfs.github.com/spec/v1
oid sha256:f7a36074ac20d0b29ac679d54dfc2be63c3c42579fe3fa41bd26ccd546861286
size 65574
