version https://git-lfs.github.com/spec/v1
oid sha256:85c6ddad05a8d85886bc6723106a2a08f7f505da38a153c1939922e276849284
size 1052
